
> ontime-ui@4.7.0 typecheck /home/sorami/Antigravity/ontime-JP/apps/client
> tsc -p tsconfig.app.json --noEmit

src/features/rundown/entry-editor/GroupEditor.tsx(108,71): error TS2345: Argument of type '"common.title"' is not assignable to parameter of type '"settings.manage.gsheet_setup.connected" | "settings.manage.gsheet_setup.waiting" | "settings.manage.gsheet_setup.not_connected" | "settings.manage.gsheet_setup.setup_connected" | ... 662 more ... | "rundown.editor.renumber"'.
src/features/rundown/entry-editor/GroupEditor.tsx(109,63): error TS2345: Argument of type '"common.note"' is not assignable to parameter of type '"settings.manage.gsheet_setup.connected" | "settings.manage.gsheet_setup.waiting" | "settings.manage.gsheet_setup.not_connected" | "settings.manage.gsheet_setup.setup_connected" | ... 662 more ... | "rundown.editor.renumber"'.
src/features/rundown/entry-editor/MilestoneEditor.tsx(55,39): error TS2345: Argument of type '"common.cue"' is not assignable to parameter of type '"settings.manage.gsheet_setup.connected" | "settings.manage.gsheet_setup.waiting" | "settings.manage.gsheet_setup.not_connected" | "settings.manage.gsheet_setup.setup_connected" | ... 662 more ... | "rundown.editor.renumber"'.
src/features/rundown/entry-editor/MilestoneEditor.tsx(65,71): error TS2345: Argument of type '"common.title"' is not assignable to parameter of type '"settings.manage.gsheet_setup.connected" | "settings.manage.gsheet_setup.waiting" | "settings.manage.gsheet_setup.not_connected" | "settings.manage.gsheet_setup.setup_connected" | ... 662 more ... | "rundown.editor.renumber"'.
src/features/rundown/entry-editor/MilestoneEditor.tsx(66,63): error TS2345: Argument of type '"common.note"' is not assignable to parameter of type '"settings.manage.gsheet_setup.connected" | "settings.manage.gsheet_setup.waiting" | "settings.manage.gsheet_setup.not_connected" | "settings.manage.gsheet_setup.setup_connected" | ... 662 more ... | "rundown.editor.renumber"'.
src/features/rundown/entry-editor/composite/EventEditorTimes.tsx(128,48): error TS2345: Argument of type '"common.on"' is not assignable to parameter of type '"settings.manage.gsheet_setup.connected" | "settings.manage.gsheet_setup.waiting" | "settings.manage.gsheet_setup.not_connected" | "settings.manage.gsheet_setup.setup_connected" | ... 662 more ... | "rundown.editor.renumber"'.
src/features/rundown/entry-editor/composite/EventEditorTimes.tsx(128,82): error TS2345: Argument of type '"common.off"' is not assignable to parameter of type '"settings.manage.gsheet_setup.connected" | "settings.manage.gsheet_setup.waiting" | "settings.manage.gsheet_setup.not_connected" | "settings.manage.gsheet_setup.setup_connected" | ... 662 more ... | "rundown.editor.renumber"'.
src/features/rundown/entry-editor/composite/EventEditorTitles.tsx(46,37): error TS2345: Argument of type '"common.cue"' is not assignable to parameter of type '"settings.manage.gsheet_setup.connected" | "settings.manage.gsheet_setup.waiting" | "settings.manage.gsheet_setup.not_connected" | "settings.manage.gsheet_setup.setup_connected" | ... 662 more ... | "rundown.editor.renumber"'.
src/features/rundown/entry-editor/composite/EventEditorTitles.tsx(55,40): error TS2345: Argument of type '"common.on"' is not assignable to parameter of type '"settings.manage.gsheet_setup.connected" | "settings.manage.gsheet_setup.waiting" | "settings.manage.gsheet_setup.not_connected" | "settings.manage.gsheet_setup.setup_connected" | ... 662 more ... | "rundown.editor.renumber"'.
src/features/rundown/entry-editor/composite/EventEditorTitles.tsx(55,74): error TS2345: Argument of type '"common.off"' is not assignable to parameter of type '"settings.manage.gsheet_setup.connected" | "settings.manage.gsheet_setup.waiting" | "settings.manage.gsheet_setup.not_connected" | "settings.manage.gsheet_setup.setup_connected" | ... 662 more ... | "rundown.editor.renumber"'.
src/features/rundown/entry-editor/composite/EventEditorTitles.tsx(63,69): error TS2345: Argument of type '"common.title"' is not assignable to parameter of type '"settings.manage.gsheet_setup.connected" | "settings.manage.gsheet_setup.waiting" | "settings.manage.gsheet_setup.not_connected" | "settings.manage.gsheet_setup.setup_connected" | ... 662 more ... | "rundown.editor.renumber"'.
src/features/rundown/entry-editor/composite/EventEditorTitles.tsx(64,61): error TS2345: Argument of type '"common.note"' is not assignable to parameter of type '"settings.manage.gsheet_setup.connected" | "settings.manage.gsheet_setup.waiting" | "settings.manage.gsheet_setup.not_connected" | "settings.manage.gsheet_setup.setup_connected" | ... 662 more ... | "rundown.editor.renumber"'.
src/features/rundown/rundown-delay/DelayInput.tsx(125,53): error TS2345: Argument of type '"rundown.delay.add_time"' is not assignable to parameter of type '"settings.manage.gsheet_setup.connected" | "settings.manage.gsheet_setup.waiting" | "settings.manage.gsheet_setup.not_connected" | "settings.manage.gsheet_setup.setup_connected" | ... 662 more ... | "rundown.editor.renumber"'.
src/features/rundown/rundown-delay/DelayInput.tsx(126,58): error TS2345: Argument of type '"rundown.delay.subtract_time"' is not assignable to parameter of type '"settings.manage.gsheet_setup.connected" | "settings.manage.gsheet_setup.waiting" | "settings.manage.gsheet_setup.not_connected" | "settings.manage.gsheet_setup.setup_connected" | ... 662 more ... | "rundown.editor.renumber"'.
src/features/rundown/rundown-delay/RundownDelay.tsx(76,49): error TS2345: Argument of type '"rundown.delay.make_permanent"' is not assignable to parameter of type '"settings.manage.gsheet_setup.connected" | "settings.manage.gsheet_setup.waiting" | "settings.manage.gsheet_setup.not_connected" | "settings.manage.gsheet_setup.setup_connected" | ... 662 more ... | "rundown.editor.renumber"'.
src/features/rundown/rundown-event/RundownIndicators.tsx(15,44): error TS2345: Argument of type '(key: "settings.manage.gsheet_setup.connected" | "settings.manage.gsheet_setup.waiting" | "settings.manage.gsheet_setup.not_connected" | "settings.manage.gsheet_setup.setup_connected" | ... 662 more ... | "rundown.editor.renumber", lang?: string | undefined) => string' is not assignable to parameter of type '(key: string) => string'.
  Types of parameters 'key' and 'key' are incompatible.
    Type 'string' is not assignable to type '"settings.manage.gsheet_setup.connected" | "settings.manage.gsheet_setup.waiting" | "settings.manage.gsheet_setup.not_connected" | "settings.manage.gsheet_setup.setup_connected" | ... 662 more ... | "rundown.editor.renumber"'.
src/features/rundown/rundown-event/RundownIndicators.tsx(16,50): error TS2345: Argument of type '(key: "settings.manage.gsheet_setup.connected" | "settings.manage.gsheet_setup.waiting" | "settings.manage.gsheet_setup.not_connected" | "settings.manage.gsheet_setup.setup_connected" | ... 662 more ... | "rundown.editor.renumber", lang?: string | undefined) => string' is not assignable to parameter of type '(key: string, values?: Record<string, string | number> | undefined) => string'.
  Types of parameters 'key' and 'key' are incompatible.
    Type 'string' is not assignable to type '"settings.manage.gsheet_setup.connected" | "settings.manage.gsheet_setup.waiting" | "settings.manage.gsheet_setup.not_connected" | "settings.manage.gsheet_setup.setup_connected" | ... 662 more ... | "rundown.editor.renumber"'.
/home/sorami/Antigravity/ontime-JP/apps/client:
 ERR_PNPM_RECURSIVE_RUN_FIRST_FAIL  ontime-ui@4.7.0 typecheck: `tsc -p tsconfig.app.json --noEmit`
Exit status 2
